// Jest Snapshot v1, https://goo.gl/fbAQLP

exports[`Header renders successfully 1`] = `
<div
  className="header"
>
  <Container
    tag="div"
  >
    <Navbar
      color="faded"
      dark={true}
      expand="md"
      tag="nav"
    >
      <NavbarBrand
        onClick={[Function]}
        tag="a"
      >
        <Logo />
      </NavbarBrand>
      <NavbarToggler
        onClick={[Function]}
        tag="button"
        type="button"
      />
      <Collapse
        appear={false}
        enter={true}
        exit={true}
        in={false}
        isOpen={false}
        mountOnEnter={false}
        navbar={true}
        onEnter={[Function]}
        onEntered={[Function]}
        onEntering={[Function]}
        onExit={[Function]}
        onExited={[Function]}
        onExiting={[Function]}
        tag="div"
        timeout={350}
        unmountOnExit={false}
      >
        <Nav
          className="ml-auto"
          navbar={true}
          tag="ul"
          vertical={false}
        >
          <NavItem
            key="Home"
            tag="li"
          >
            <NavLink
              id="home_nav_link"
              onClick={[Function]}
              tag="a"
            >
              Home
            </NavLink>
          </NavItem>
          <NavItem
            key="About"
            tag="li"
          >
            <NavLink
              id="about_nav_link"
              onClick={[Function]}
              tag="a"
            >
              About
            </NavLink>
          </NavItem>
          <NavItem
            key="Projects"
            tag="li"
          >
            <NavLink
              id="projects_nav_link"
              onClick={[Function]}
              tag="a"
            >
              Projects
            </NavLink>
          </NavItem>
          <NavItem
            key="Skills"
            tag="li"
          >
            <NavLink
              id="skills_nav_link"
              onClick={[Function]}
              tag="a"
            >
              Skills
            </NavLink>
          </NavItem>
          <NavItem
            key="Blog"
            tag="li"
          >
            <NavLink
              id="blog_nav_link"
              onClick={[Function]}
              tag="a"
            >
              Blog
            </NavLink>
          </NavItem>
          <NavItem
            key="Contact"
            tag="li"
          >
            <NavLink
              id="contact_nav_link"
              onClick={[Function]}
              tag="a"
            >
              Contact
            </NavLink>
          </NavItem>
        </Nav>
      </Collapse>
    </Navbar>
  </Container>
</div>
`;
